State 15 conflicts: 2 shift/reduce


Grammar

    0 $accept: file $end

    1 file: group

    2 $@1: ε

    3 group: KEYWORD '(' ')' line '{' $@1 '}' semi_opt

    4 $@2: ε

    5 group: KEYWORD '(' ')' line '{' $@2 statements '}' semi_opt

    6 $@3: ε

    7 group: KEYWORD '(' attr_values ')' line '{' $@3 '}' semi_opt

    8 $@4: ε

    9 group: KEYWORD '(' attr_values ')' line '{' $@4 statements '}' semi_opt

   10 line: ε

   11 statements: statement
   12           | statements statement

   13 statement: simple_attr
   14          | complex_attr
   15          | group
   16          | variable

   17 simple_attr: KEYWORD ':' attr_value line semi_opt

   18 complex_attr: KEYWORD '(' ')' line semi_opt
   19             | KEYWORD '(' attr_values ')' line semi_opt

   20 attr_values: attr_value
   21            | attr_values ',' attr_value
   22            | attr_values attr_value

   23 variable: string '=' FLOAT line semi_opt

   24 string: STRING
   25       | KEYWORD

   26 attr_value: FLOAT
   27           | expr
   28           | volt_expr

   29 volt_expr: FLOAT volt_op FLOAT
   30          | string volt_op FLOAT
   31          | FLOAT volt_op string
   32          | volt_expr volt_op FLOAT

   33 volt_op: '+'
   34        | '-'
   35        | '*'
   36        | '/'

   37 expr: expr_term1
   38     | expr_term1 expr_op expr

   39 expr_term: string
   40          | '0'
   41          | '1'
   42          | '(' expr ')'

   43 expr_term1: expr_term
   44           | '!' expr_term
   45           | expr_term '\''

   46 expr_op: '+'
   47        | '|'
   48        | '*'
   49        | '&'
   50        | '^'

   51 semi_opt: ε
   52         | semi_opt ';'


Terminals, with rules where they appear

    $end (0) 0
    '!' (33) 44
    '&' (38) 49
    '\'' (39) 45
    '(' (40) 3 5 7 9 18 19 42
    ')' (41) 3 5 7 9 18 19 42
    '*' (42) 35 48
    '+' (43) 33 46
    ',' (44) 21
    '-' (45) 34
    '/' (47) 36
    '0' (48) 40
    '1' (49) 41
    ':' (58) 17
    ';' (59) 52
    '=' (61) 23
    '^' (94) 50
    '{' (123) 3 5 7 9
    '|' (124) 47
    '}' (125) 3 5 7 9
    error (256)
    FLOAT <number> (258) 23 26 29 30 31 32
    STRING <string> (259) 24
    KEYWORD <string> (260) 3 5 7 9 17 18 19 25


Nonterminals, with rules where they appear

    $accept (25)
        on left: 0
    file <stmt> (26)
        on left: 1
        on right: 0
    group <stmt> (27)
        on left: 3 5 7 9
        on right: 1 15
    $@1 (28)
        on left: 2
        on right: 3
    $@2 (29)
        on left: 4
        on right: 5
    $@3 (30)
        on left: 6
        on right: 7
    $@4 (31)
        on left: 8
        on right: 9
    line <line> (32)
        on left: 10
        on right: 3 5 7 9 17 18 19 23
    statements (33)
        on left: 11 12
        on right: 5 9 12
    statement <stmt> (34)
        on left: 13 14 15 16
        on right: 11 12
    simple_attr <stmt> (35)
        on left: 17
        on right: 13
    complex_attr <stmt> (36)
        on left: 18 19
        on right: 14
    attr_values <attr_values> (37)
        on left: 20 21 22
        on right: 7 9 19 21 22
    variable <stmt> (38)
        on left: 23
        on right: 16
    string <string> (39)
        on left: 24 25
        on right: 23 30 31 39
    attr_value <attr_value> (40)
        on left: 26 27 28
        on right: 17 20 21 22
    volt_expr <string> (41)
        on left: 29 30 31 32
        on right: 28 32
    volt_op <ch> (42)
        on left: 33 34 35 36
        on right: 29 30 31 32
    expr <string> (43)
        on left: 37 38
        on right: 27 38 42
    expr_term <string> (44)
        on left: 39 40 41 42
        on right: 43 44 45
    expr_term1 <string> (45)
        on left: 43 44 45
        on right: 37 38
    expr_op <ch> (46)
        on left: 46 47 48 49 50
        on right: 38
    semi_opt (47)
        on left: 51 52
        on right: 3 5 7 9 17 18 19 23 52


State 0

    0 $accept: • file $end

    KEYWORD  shift, and go to state 1

    file   go to state 2
    group  go to state 3


State 1

    3 group: KEYWORD • '(' ')' line '{' $@1 '}' semi_opt
    5      | KEYWORD • '(' ')' line '{' $@2 statements '}' semi_opt
    7      | KEYWORD • '(' attr_values ')' line '{' $@3 '}' semi_opt
    9      | KEYWORD • '(' attr_values ')' line '{' $@4 statements '}' semi_opt

    '('  shift, and go to state 4


State 2

    0 $accept: file • $end

    $end  shift, and go to state 5


State 3

    1 file: group •

    $default  reduce using rule 1 (file)


State 4

    3 group: KEYWORD '(' • ')' line '{' $@1 '}' semi_opt
    5      | KEYWORD '(' • ')' line '{' $@2 statements '}' semi_opt
    7      | KEYWORD '(' • attr_values ')' line '{' $@3 '}' semi_opt
    9      | KEYWORD '(' • attr_values ')' line '{' $@4 statements '}' semi_opt

    '!'      shift, and go to state 6
    FLOAT    shift, and go to state 7
    STRING   shift, and go to state 8
    KEYWORD  shift, and go to state 9
    '('      shift, and go to state 10
    ')'      shift, and go to state 11
    '0'      shift, and go to state 12
    '1'      shift, and go to state 13

    attr_values  go to state 14
    string       go to state 15
    attr_value   go to state 16
    volt_expr    go to state 17
    expr         go to state 18
    expr_term    go to state 19
    expr_term1   go to state 20


State 5

    0 $accept: file $end •

    $default  accept


State 6

   44 expr_term1: '!' • expr_term

    STRING   shift, and go to state 8
    KEYWORD  shift, and go to state 9
    '('      shift, and go to state 10
    '0'      shift, and go to state 12
    '1'      shift, and go to state 13

    string     go to state 21
    expr_term  go to state 22


State 7

   26 attr_value: FLOAT •
   29 volt_expr: FLOAT • volt_op FLOAT
   31          | FLOAT • volt_op string

    '+'  shift, and go to state 23
    '-'  shift, and go to state 24
    '*'  shift, and go to state 25
    '/'  shift, and go to state 26

    $default  reduce using rule 26 (attr_value)

    volt_op  go to state 27


State 8

   24 string: STRING •

    $default  reduce using rule 24 (string)


State 9

   25 string: KEYWORD •

    $default  reduce using rule 25 (string)


State 10

   42 expr_term: '(' • expr ')'

    '!'      shift, and go to state 6
    STRING   shift, and go to state 8
    KEYWORD  shift, and go to state 9
    '('      shift, and go to state 10
    '0'      shift, and go to state 12
    '1'      shift, and go to state 13

    string      go to state 21
    expr        go to state 28
    expr_term   go to state 19
    expr_term1  go to state 20


State 11

    3 group: KEYWORD '(' ')' • line '{' $@1 '}' semi_opt
    5      | KEYWORD '(' ')' • line '{' $@2 statements '}' semi_opt

    $default  reduce using rule 10 (line)

    line  go to state 29


State 12

   40 expr_term: '0' •

    $default  reduce using rule 40 (expr_term)


State 13

   41 expr_term: '1' •

    $default  reduce using rule 41 (expr_term)


State 14

    7 group: KEYWORD '(' attr_values • ')' line '{' $@3 '}' semi_opt
    9      | KEYWORD '(' attr_values • ')' line '{' $@4 statements '}' semi_opt
   21 attr_values: attr_values • ',' attr_value
   22            | attr_values • attr_value

    '!'      shift, and go to state 6
    FLOAT    shift, and go to state 7
    STRING   shift, and go to state 8
    KEYWORD  shift, and go to state 9
    '('      shift, and go to state 10
    ')'      shift, and go to state 30
    ','      shift, and go to state 31
    '0'      shift, and go to state 12
    '1'      shift, and go to state 13

    string      go to state 15
    attr_value  go to state 32
    volt_expr   go to state 17
    expr        go to state 18
    expr_term   go to state 19
    expr_term1  go to state 20


State 15

   30 volt_expr: string • volt_op FLOAT
   39 expr_term: string •

    '+'  shift, and go to state 23
    '-'  shift, and go to state 24
    '*'  shift, and go to state 25
    '/'  shift, and go to state 26

    '+'       [reduce using rule 39 (expr_term)]
    '*'       [reduce using rule 39 (expr_term)]
    $default  reduce using rule 39 (expr_term)

    volt_op  go to state 33


State 16

   20 attr_values: attr_value •

    $default  reduce using rule 20 (attr_values)


State 17

   28 attr_value: volt_expr •
   32 volt_expr: volt_expr • volt_op FLOAT

    '+'  shift, and go to state 23
    '-'  shift, and go to state 24
    '*'  shift, and go to state 25
    '/'  shift, and go to state 26

    $default  reduce using rule 28 (attr_value)

    volt_op  go to state 34


State 18

   27 attr_value: expr •

    $default  reduce using rule 27 (attr_value)


State 19

   43 expr_term1: expr_term •
   45           | expr_term • '\''

    '\''  shift, and go to state 35

    $default  reduce using rule 43 (expr_term1)


State 20

   37 expr: expr_term1 •
   38     | expr_term1 • expr_op expr

    '+'  shift, and go to state 36
    '|'  shift, and go to state 37
    '*'  shift, and go to state 38
    '&'  shift, and go to state 39
    '^'  shift, and go to state 40

    $default  reduce using rule 37 (expr)

    expr_op  go to state 41


State 21

   39 expr_term: string •

    $default  reduce using rule 39 (expr_term)


State 22

   44 expr_term1: '!' expr_term •

    $default  reduce using rule 44 (expr_term1)


State 23

   33 volt_op: '+' •

    $default  reduce using rule 33 (volt_op)


State 24

   34 volt_op: '-' •

    $default  reduce using rule 34 (volt_op)


State 25

   35 volt_op: '*' •

    $default  reduce using rule 35 (volt_op)


State 26

   36 volt_op: '/' •

    $default  reduce using rule 36 (volt_op)


State 27

   29 volt_expr: FLOAT volt_op • FLOAT
   31          | FLOAT volt_op • string

    FLOAT    shift, and go to state 42
    STRING   shift, and go to state 8
    KEYWORD  shift, and go to state 9

    string  go to state 43


State 28

   42 expr_term: '(' expr • ')'

    ')'  shift, and go to state 44


State 29

    3 group: KEYWORD '(' ')' line • '{' $@1 '}' semi_opt
    5      | KEYWORD '(' ')' line • '{' $@2 statements '}' semi_opt

    '{'  shift, and go to state 45


State 30

    7 group: KEYWORD '(' attr_values ')' • line '{' $@3 '}' semi_opt
    9      | KEYWORD '(' attr_values ')' • line '{' $@4 statements '}' semi_opt

    $default  reduce using rule 10 (line)

    line  go to state 46


State 31

   21 attr_values: attr_values ',' • attr_value

    '!'      shift, and go to state 6
    FLOAT    shift, and go to state 7
    STRING   shift, and go to state 8
    KEYWORD  shift, and go to state 9
    '('      shift, and go to state 10
    '0'      shift, and go to state 12
    '1'      shift, and go to state 13

    string      go to state 15
    attr_value  go to state 47
    volt_expr   go to state 17
    expr        go to state 18
    expr_term   go to state 19
    expr_term1  go to state 20


State 32

   22 attr_values: attr_values attr_value •

    $default  reduce using rule 22 (attr_values)


State 33

   30 volt_expr: string volt_op • FLOAT

    FLOAT  shift, and go to state 48


State 34

   32 volt_expr: volt_expr volt_op • FLOAT

    FLOAT  shift, and go to state 49


State 35

   45 expr_term1: expr_term '\'' •

    $default  reduce using rule 45 (expr_term1)


State 36

   46 expr_op: '+' •

    $default  reduce using rule 46 (expr_op)


State 37

   47 expr_op: '|' •

    $default  reduce using rule 47 (expr_op)


State 38

   48 expr_op: '*' •

    $default  reduce using rule 48 (expr_op)


State 39

   49 expr_op: '&' •

    $default  reduce using rule 49 (expr_op)


State 40

   50 expr_op: '^' •

    $default  reduce using rule 50 (expr_op)


State 41

   38 expr: expr_term1 expr_op • expr

    '!'      shift, and go to state 6
    STRING   shift, and go to state 8
    KEYWORD  shift, and go to state 9
    '('      shift, and go to state 10
    '0'      shift, and go to state 12
    '1'      shift, and go to state 13

    string      go to state 21
    expr        go to state 50
    expr_term   go to state 19
    expr_term1  go to state 20


State 42

   29 volt_expr: FLOAT volt_op FLOAT •

    $default  reduce using rule 29 (volt_expr)


State 43

   31 volt_expr: FLOAT volt_op string •

    $default  reduce using rule 31 (volt_expr)


State 44

   42 expr_term: '(' expr ')' •

    $default  reduce using rule 42 (expr_term)


State 45

    3 group: KEYWORD '(' ')' line '{' • $@1 '}' semi_opt
    5      | KEYWORD '(' ')' line '{' • $@2 statements '}' semi_opt

    '}'       reduce using rule 2 ($@1)
    $default  reduce using rule 4 ($@2)

    $@1  go to state 51
    $@2  go to state 52


State 46

    7 group: KEYWORD '(' attr_values ')' line • '{' $@3 '}' semi_opt
    9      | KEYWORD '(' attr_values ')' line • '{' $@4 statements '}' semi_opt

    '{'  shift, and go to state 53


State 47

   21 attr_values: attr_values ',' attr_value •

    $default  reduce using rule 21 (attr_values)


State 48

   30 volt_expr: string volt_op FLOAT •

    $default  reduce using rule 30 (volt_expr)


State 49

   32 volt_expr: volt_expr volt_op FLOAT •

    $default  reduce using rule 32 (volt_expr)


State 50

   38 expr: expr_term1 expr_op expr •

    $default  reduce using rule 38 (expr)


State 51

    3 group: KEYWORD '(' ')' line '{' $@1 • '}' semi_opt

    '}'  shift, and go to state 54


State 52

    5 group: KEYWORD '(' ')' line '{' $@2 • statements '}' semi_opt

    STRING   shift, and go to state 8
    KEYWORD  shift, and go to state 55

    group         go to state 56
    statements    go to state 57
    statement     go to state 58
    simple_attr   go to state 59
    complex_attr  go to state 60
    variable      go to state 61
    string        go to state 62


State 53

    7 group: KEYWORD '(' attr_values ')' line '{' • $@3 '}' semi_opt
    9      | KEYWORD '(' attr_values ')' line '{' • $@4 statements '}' semi_opt

    '}'       reduce using rule 6 ($@3)
    $default  reduce using rule 8 ($@4)

    $@3  go to state 63
    $@4  go to state 64


State 54

    3 group: KEYWORD '(' ')' line '{' $@1 '}' • semi_opt

    $default  reduce using rule 51 (semi_opt)

    semi_opt  go to state 65


State 55

    3 group: KEYWORD • '(' ')' line '{' $@1 '}' semi_opt
    5      | KEYWORD • '(' ')' line '{' $@2 statements '}' semi_opt
    7      | KEYWORD • '(' attr_values ')' line '{' $@3 '}' semi_opt
    9      | KEYWORD • '(' attr_values ')' line '{' $@4 statements '}' semi_opt
   17 simple_attr: KEYWORD • ':' attr_value line semi_opt
   18 complex_attr: KEYWORD • '(' ')' line semi_opt
   19             | KEYWORD • '(' attr_values ')' line semi_opt
   25 string: KEYWORD •

    '('  shift, and go to state 66
    ':'  shift, and go to state 67

    $default  reduce using rule 25 (string)


State 56

   15 statement: group •

    $default  reduce using rule 15 (statement)


State 57

    5 group: KEYWORD '(' ')' line '{' $@2 statements • '}' semi_opt
   12 statements: statements • statement

    STRING   shift, and go to state 8
    KEYWORD  shift, and go to state 55
    '}'      shift, and go to state 68

    group         go to state 56
    statement     go to state 69
    simple_attr   go to state 59
    complex_attr  go to state 60
    variable      go to state 61
    string        go to state 62


State 58

   11 statements: statement •

    $default  reduce using rule 11 (statements)


State 59

   13 statement: simple_attr •

    $default  reduce using rule 13 (statement)


State 60

   14 statement: complex_attr •

    $default  reduce using rule 14 (statement)


State 61

   16 statement: variable •

    $default  reduce using rule 16 (statement)


State 62

   23 variable: string • '=' FLOAT line semi_opt

    '='  shift, and go to state 70


State 63

    7 group: KEYWORD '(' attr_values ')' line '{' $@3 • '}' semi_opt

    '}'  shift, and go to state 71


State 64

    9 group: KEYWORD '(' attr_values ')' line '{' $@4 • statements '}' semi_opt

    STRING   shift, and go to state 8
    KEYWORD  shift, and go to state 55

    group         go to state 56
    statements    go to state 72
    statement     go to state 58
    simple_attr   go to state 59
    complex_attr  go to state 60
    variable      go to state 61
    string        go to state 62


State 65

    3 group: KEYWORD '(' ')' line '{' $@1 '}' semi_opt •
   52 semi_opt: semi_opt • ';'

    ';'  shift, and go to state 73

    $default  reduce using rule 3 (group)


State 66

    3 group: KEYWORD '(' • ')' line '{' $@1 '}' semi_opt
    5      | KEYWORD '(' • ')' line '{' $@2 statements '}' semi_opt
    7      | KEYWORD '(' • attr_values ')' line '{' $@3 '}' semi_opt
    9      | KEYWORD '(' • attr_values ')' line '{' $@4 statements '}' semi_opt
   18 complex_attr: KEYWORD '(' • ')' line semi_opt
   19             | KEYWORD '(' • attr_values ')' line semi_opt

    '!'      shift, and go to state 6
    FLOAT    shift, and go to state 7
    STRING   shift, and go to state 8
    KEYWORD  shift, and go to state 9
    '('      shift, and go to state 10
    ')'      shift, and go to state 74
    '0'      shift, and go to state 12
    '1'      shift, and go to state 13

    attr_values  go to state 75
    string       go to state 15
    attr_value   go to state 16
    volt_expr    go to state 17
    expr         go to state 18
    expr_term    go to state 19
    expr_term1   go to state 20


State 67

   17 simple_attr: KEYWORD ':' • attr_value line semi_opt

    '!'      shift, and go to state 6
    FLOAT    shift, and go to state 7
    STRING   shift, and go to state 8
    KEYWORD  shift, and go to state 9
    '('      shift, and go to state 10
    '0'      shift, and go to state 12
    '1'      shift, and go to state 13

    string      go to state 15
    attr_value  go to state 76
    volt_expr   go to state 17
    expr        go to state 18
    expr_term   go to state 19
    expr_term1  go to state 20


State 68

    5 group: KEYWORD '(' ')' line '{' $@2 statements '}' • semi_opt

    $default  reduce using rule 51 (semi_opt)

    semi_opt  go to state 77


State 69

   12 statements: statements statement •

    $default  reduce using rule 12 (statements)


State 70

   23 variable: string '=' • FLOAT line semi_opt

    FLOAT  shift, and go to state 78


State 71

    7 group: KEYWORD '(' attr_values ')' line '{' $@3 '}' • semi_opt

    $default  reduce using rule 51 (semi_opt)

    semi_opt  go to state 79


State 72

    9 group: KEYWORD '(' attr_values ')' line '{' $@4 statements • '}' semi_opt
   12 statements: statements • statement

    STRING   shift, and go to state 8
    KEYWORD  shift, and go to state 55
    '}'      shift, and go to state 80

    group         go to state 56
    statement     go to state 69
    simple_attr   go to state 59
    complex_attr  go to state 60
    variable      go to state 61
    string        go to state 62


State 73

   52 semi_opt: semi_opt ';' •

    $default  reduce using rule 52 (semi_opt)


State 74

    3 group: KEYWORD '(' ')' • line '{' $@1 '}' semi_opt
    5      | KEYWORD '(' ')' • line '{' $@2 statements '}' semi_opt
   18 complex_attr: KEYWORD '(' ')' • line semi_opt

    $default  reduce using rule 10 (line)

    line  go to state 81


State 75

    7 group: KEYWORD '(' attr_values • ')' line '{' $@3 '}' semi_opt
    9      | KEYWORD '(' attr_values • ')' line '{' $@4 statements '}' semi_opt
   19 complex_attr: KEYWORD '(' attr_values • ')' line semi_opt
   21 attr_values: attr_values • ',' attr_value
   22            | attr_values • attr_value

    '!'      shift, and go to state 6
    FLOAT    shift, and go to state 7
    STRING   shift, and go to state 8
    KEYWORD  shift, and go to state 9
    '('      shift, and go to state 10
    ')'      shift, and go to state 82
    ','      shift, and go to state 31
    '0'      shift, and go to state 12
    '1'      shift, and go to state 13

    string      go to state 15
    attr_value  go to state 32
    volt_expr   go to state 17
    expr        go to state 18
    expr_term   go to state 19
    expr_term1  go to state 20


State 76

   17 simple_attr: KEYWORD ':' attr_value • line semi_opt

    $default  reduce using rule 10 (line)

    line  go to state 83


State 77

    5 group: KEYWORD '(' ')' line '{' $@2 statements '}' semi_opt •
   52 semi_opt: semi_opt • ';'

    ';'  shift, and go to state 73

    $default  reduce using rule 5 (group)


State 78

   23 variable: string '=' FLOAT • line semi_opt

    $default  reduce using rule 10 (line)

    line  go to state 84


State 79

    7 group: KEYWORD '(' attr_values ')' line '{' $@3 '}' semi_opt •
   52 semi_opt: semi_opt • ';'

    ';'  shift, and go to state 73

    $default  reduce using rule 7 (group)


State 80

    9 group: KEYWORD '(' attr_values ')' line '{' $@4 statements '}' • semi_opt

    $default  reduce using rule 51 (semi_opt)

    semi_opt  go to state 85


State 81

    3 group: KEYWORD '(' ')' line • '{' $@1 '}' semi_opt
    5      | KEYWORD '(' ')' line • '{' $@2 statements '}' semi_opt
   18 complex_attr: KEYWORD '(' ')' line • semi_opt

    '{'  shift, and go to state 45

    $default  reduce using rule 51 (semi_opt)

    semi_opt  go to state 86


State 82

    7 group: KEYWORD '(' attr_values ')' • line '{' $@3 '}' semi_opt
    9      | KEYWORD '(' attr_values ')' • line '{' $@4 statements '}' semi_opt
   19 complex_attr: KEYWORD '(' attr_values ')' • line semi_opt

    $default  reduce using rule 10 (line)

    line  go to state 87


State 83

   17 simple_attr: KEYWORD ':' attr_value line • semi_opt

    $default  reduce using rule 51 (semi_opt)

    semi_opt  go to state 88


State 84

   23 variable: string '=' FLOAT line • semi_opt

    $default  reduce using rule 51 (semi_opt)

    semi_opt  go to state 89


State 85

    9 group: KEYWORD '(' attr_values ')' line '{' $@4 statements '}' semi_opt •
   52 semi_opt: semi_opt • ';'

    ';'  shift, and go to state 73

    $default  reduce using rule 9 (group)


State 86

   18 complex_attr: KEYWORD '(' ')' line semi_opt •
   52 semi_opt: semi_opt • ';'

    ';'  shift, and go to state 73

    $default  reduce using rule 18 (complex_attr)


State 87

    7 group: KEYWORD '(' attr_values ')' line • '{' $@3 '}' semi_opt
    9      | KEYWORD '(' attr_values ')' line • '{' $@4 statements '}' semi_opt
   19 complex_attr: KEYWORD '(' attr_values ')' line • semi_opt

    '{'  shift, and go to state 53

    $default  reduce using rule 51 (semi_opt)

    semi_opt  go to state 90


State 88

   17 simple_attr: KEYWORD ':' attr_value line semi_opt •
   52 semi_opt: semi_opt • ';'

    ';'  shift, and go to state 73

    $default  reduce using rule 17 (simple_attr)


State 89

   23 variable: string '=' FLOAT line semi_opt •
   52 semi_opt: semi_opt • ';'

    ';'  shift, and go to state 73

    $default  reduce using rule 23 (variable)


State 90

   19 complex_attr: KEYWORD '(' attr_values ')' line semi_opt •
   52 semi_opt: semi_opt • ';'

    ';'  shift, and go to state 73

    $default  reduce using rule 19 (complex_attr)
